
2-species diurnal advection-diffusion problem
Sensitivity: YES ( SIMULTANEOUS + FULL ERROR CONTROL )

========================================================================
     T     Q       H      NST                    Bottom left  Top right 
========================================================================
7.200e+03  3  3.034e+01   645
                                Solution         1.0593e+04   1.1152e+04 
                                                 2.5567e+11   2.6917e+11 
                                ----------------------------------------
                                Sensitivity 1   -6.4963e+19  -6.8394e+19 
                                                 7.2120e+19   7.6303e+19 
                                ----------------------------------------
                                Sensitivity 2   -4.4900e+14  -4.9768e+14 
                                                -2.5039e+18  -2.7672e+18 
------------------------------------------------------------------------
1.440e+04  3  2.524e+01   889
                                Solution         6.9172e+06   7.2517e+06 
                                                 2.6829e+11   2.8137e+11 
                                ----------------------------------------
                                Sensitivity 1   -4.2432e+22  -4.4483e+22 
                                                 6.2762e+22   6.6563e+22 
                                ----------------------------------------
                                Sensitivity 2   -4.8955e+17  -5.3580e+17 
                                                -7.1116e+21  -7.7236e+21 
------------------------------------------------------------------------
2.160e+04  2  2.617e+01  1387
                                Solution         2.7558e+07   2.9196e+07 
                                                 3.1024e+11   3.3000e+11 
                                ----------------------------------------
                                Sensitivity 1   -1.6903e+23  -1.7907e+23 
                                                 4.0588e+23   4.4683e+23 
                                ----------------------------------------
                                Sensitivity 2   -8.2851e+18  -9.3611e+18 
                                                -8.2852e+22  -9.3662e+22 
------------------------------------------------------------------------
2.880e+04  3  7.802e+01  1718
                                Solution         8.9631e+06   9.8602e+06 
                                                 3.4824e+11   3.8331e+11 
                                ----------------------------------------
                                Sensitivity 1   -5.4975e+22  -6.0476e+22 
                                                 5.8239e+23   7.0579e+23 
                                ----------------------------------------
                                Sensitivity 2   -5.2367e+18  -6.4007e+18 
                                                -1.8450e+23  -2.2574e+23 
------------------------------------------------------------------------
3.600e+04  4  6.755e+01  1805
                                Solution         1.4433e+04   1.6660e+04 
                                                 3.4814e+11   4.0186e+11 
                                ----------------------------------------
                                Sensitivity 1   -8.8544e+19  -1.0220e+20 
                                                 5.6474e+23   7.6273e+23 
                                ----------------------------------------
                                Sensitivity 2   -9.0220e+15  -1.2170e+16 
                                                -1.9753e+23  -2.6679e+23 
------------------------------------------------------------------------
4.320e+04  3  1.929e+02  1998
                                Solution         4.8224e-09  -1.5540e-08 
                                                 3.4900e+11   4.0867e+11 
                                ----------------------------------------
                                Sensitivity 1   -8.4519e+08  -6.8855e+08 
                                                 5.7083e+23   7.9553e+23 
                                ----------------------------------------
                                Sensitivity 2   -3.3157e+04  -6.7157e+03 
                                                -1.9969e+23  -2.7830e+23 
------------------------------------------------------------------------
5.040e+04  4  3.372e+02  2020
                                Solution         1.7655e-08   2.6108e-08 
                                                 3.5570e+11   4.1225e+11 
                                ----------------------------------------
                                Sensitivity 1   -1.3920e+08  -1.9947e+08 
                                                 5.9553e+23   8.1823e+23 
                                ----------------------------------------
                                Sensitivity 2   -3.3374e+03  -4.6867e+03 
                                                -2.0833e+23  -2.8624e+23 
------------------------------------------------------------------------

Final Statistics

nst     =  4020

nfe     =  5016
netf    =   133    nsetups  =   469
nni     =  5014    ncfn     =    14

nfSe    = 10032    nfeS     = 20064
netfs   =     0    nsetupsS =     0
nniS    =     0    ncfnS    =     0

nli     = 11650    ncfl     =     0
npe     =    81    nps      = 24905
[ERROR][rank 0][C:\Users\youruser\Developer\sundials-7.8.0\src\cvodes\cvodes.c:3504][CVode] At t = 56341.7023922865, mxstep steps taken before reaching tout.

SUNDIALS_ERROR: CVode() failed with retval = -1

