
2-species diurnal advection-diffusion problem
Sensitivity: YES ( STAGGERED + FULL ERROR CONTROL )

========================================================================
     T     Q       H      NST                    Bottom left  Top right 
========================================================================
7.200e+03  3  2.861e+01   511
                                Solution         1.0593e+04   1.1152e+04 
                                                 2.5567e+11   2.6917e+11 
                                ----------------------------------------
                                Sensitivity 1   -6.4963e+19  -6.8394e+19 
                                                 7.2120e+19   7.6304e+19 
                                ----------------------------------------
                                Sensitivity 2   -4.4900e+14  -4.9768e+14 
                                                -2.5039e+18  -2.7672e+18 
------------------------------------------------------------------------
1.440e+04  5  1.838e+02   570
                                Solution         6.9172e+06   7.2517e+06 
                                                 2.6829e+11   2.8137e+11 
                                ----------------------------------------
                                Sensitivity 1   -4.2432e+22  -4.4483e+22 
                                                 6.2762e+22   6.6563e+22 
                                ----------------------------------------
                                Sensitivity 2   -4.8955e+17  -5.3580e+17 
                                                -7.1115e+21  -7.7236e+21 
------------------------------------------------------------------------
2.160e+04  4  1.986e+02   663
                                Solution         2.7558e+07   2.9196e+07 
                                                 3.1024e+11   3.3000e+11 
                                ----------------------------------------
                                Sensitivity 1   -1.6903e+23  -1.7907e+23 
                                                 4.0588e+23   4.4683e+23 
                                ----------------------------------------
                                Sensitivity 2   -8.2851e+18  -9.3610e+18 
                                                -8.2851e+22  -9.3662e+22 
------------------------------------------------------------------------
2.880e+04  4  2.361e+02   717
                                Solution         8.9631e+06   9.8602e+06 
                                                 3.4824e+11   3.8331e+11 
                                ----------------------------------------
                                Sensitivity 1   -5.4975e+22  -6.0476e+22 
                                                 5.8239e+23   7.0579e+23 
                                ----------------------------------------
                                Sensitivity 2   -5.2367e+18  -6.4007e+18 
                                                -1.8450e+23  -2.2574e+23 
------------------------------------------------------------------------
3.600e+04  4  1.629e+02   751
                                Solution         1.4433e+04   1.6660e+04 
                                                 3.4814e+11   4.0186e+11 
                                ----------------------------------------
                                Sensitivity 1   -8.8547e+19  -1.0220e+20 
                                                 5.6473e+23   7.6273e+23 
                                ----------------------------------------
                                Sensitivity 2   -9.0220e+15  -1.2170e+16 
                                                -1.9753e+23  -2.6679e+23 
------------------------------------------------------------------------
4.320e+04  4  4.887e+02   827
                                Solution        -2.6469e-06  -3.0399e-06 
                                                 3.4900e+11   4.0867e+11 
                                ----------------------------------------
                                Sensitivity 1    1.3830e+10   1.5763e+10 
                                                 5.7083e+23   7.9553e+23 
                                ----------------------------------------
                                Sensitivity 2    6.7912e+09   7.0822e+09 
                                                -1.9969e+23  -2.7830e+23 
------------------------------------------------------------------------
5.040e+04  4  4.887e+02   841
                                Solution         4.4076e-09   5.0898e-09 
                                                 3.5570e+11   4.1225e+11 
                                ----------------------------------------
                                Sensitivity 1   -2.2064e+08  -2.5458e+08 
                                                 5.9553e+23   8.1823e+23 
                                ----------------------------------------
                                Sensitivity 2    3.4268e+06   3.5823e+06 
                                                -2.0833e+23  -2.8624e+23 
------------------------------------------------------------------------
5.760e+04  5  2.934e+02   862
                                Solution         1.8519e-06   2.0650e-06 
                                                 3.6425e+11   4.1628e+11 
                                ----------------------------------------
                                Sensitivity 1   -6.9778e+09  -7.6003e+09 
                                                 6.2592e+23   8.4334e+23 
                                ----------------------------------------
                                Sensitivity 2   -8.4207e+04  -1.0009e+05 
                                                -2.1896e+23  -2.9502e+23 
------------------------------------------------------------------------
6.480e+04  5  2.676e+02   892
                                Solution         2.6900e-06   2.9323e-06 
                                                 3.6334e+11   4.2182e+11 
                                ----------------------------------------
                                Sensitivity 1   -4.0012e+09  -4.3457e+09 
                                                 6.2461e+23   8.7310e+23 
                                ----------------------------------------
                                Sensitivity 2   -1.0036e+05  -1.6005e+05 
                                                -2.1850e+23  -3.0543e+23 
------------------------------------------------------------------------
7.200e+04  5  4.787e+02   933
                                Solution        -2.1651e-08  -2.1566e-08 
                                                 3.6192e+11   4.3354e+11 
                                ----------------------------------------
                                Sensitivity 1   -8.1441e+08  -7.6672e+08 
                                                 6.2311e+23   9.2797e+23 
                                ----------------------------------------
                                Sensitivity 2   -2.6872e+08  -3.3251e+08 
                                                -2.1798e+23  -3.2463e+23 
------------------------------------------------------------------------
7.920e+04  5  4.787e+02   948
                                Solution        -1.0621e-11  -9.1365e-12 
                                                 3.6148e+11   4.4474e+11 
                                ----------------------------------------
                                Sensitivity 1    4.3020e+07   4.1943e+07 
                                                 6.2481e+23   9.8067e+23 
                                ----------------------------------------
                                Sensitivity 2    7.7549e+06   9.5974e+06 
                                                -2.1858e+23  -3.4306e+23 
------------------------------------------------------------------------
8.640e+04  5  4.787e+02   963
                                Solution        -3.6738e-14  -3.8302e-14 
                                                 3.6318e+11   4.4524e+11 
                                ----------------------------------------
                                Sensitivity 1   -1.0235e+05  -1.0357e+05 
                                                 6.3248e+23   9.8819e+23 
                                ----------------------------------------
                                Sensitivity 2    9.9452e+01   3.1176e+02 
                                                -2.2126e+23  -3.4570e+23 
------------------------------------------------------------------------

Final Statistics

nst     =   963

nfe     =  2054
netf    =    11    nsetups  =   133
nni     =  1061    ncfn     =     0

nfSe    =  2254    nfeS     =  4508
netfs   =    28    nsetupsS =     0
nniS    =  1125    ncfnS    =     0

nli     =  3103    ncfl     =     1
npe     =    17    nps      =  6095
