 ------- 
| SPGMR |
 -------
 
2-species diurnal advection-diffusion problem

t = 7.20e+03   no. steps = 219   order = 5   stepsize = 1.59e+02
c1 (bot.left/middle/top rt.) =    1.047e+04     2.964e+04     1.119e+04
c2 (bot.left/middle/top rt.) =    2.527e+11     7.154e+11     2.700e+11

t = 1.44e+04   no. steps = 251   order = 5   stepsize = 3.77e+02
c1 (bot.left/middle/top rt.) =    6.659e+06     5.316e+06     7.301e+06
c2 (bot.left/middle/top rt.) =    2.582e+11     2.057e+11     2.833e+11

t = 2.16e+04   no. steps = 277   order = 5   stepsize = 2.75e+02
c1 (bot.left/middle/top rt.) =    2.665e+07     1.036e+07     2.931e+07
c2 (bot.left/middle/top rt.) =    2.993e+11     1.028e+11     3.313e+11

t = 2.88e+04   no. steps = 312   order = 4   stepsize = 8.80e+01
c1 (bot.left/middle/top rt.) =    8.702e+06     1.292e+07     9.650e+06
c2 (bot.left/middle/top rt.) =    3.380e+11     5.029e+11     3.751e+11

t = 3.60e+04   no. steps = 354   order = 4   stepsize = 7.30e+01
c1 (bot.left/middle/top rt.) =    1.404e+04     2.029e+04     1.561e+04
c2 (bot.left/middle/top rt.) =    3.387e+11     4.894e+11     3.765e+11

t = 4.32e+04   no. steps = 413   order = 5   stepsize = 5.32e+02
c1 (bot.left/middle/top rt.) =   -6.015e-07    -5.585e-07    -6.708e-07
c2 (bot.left/middle/top rt.) =    3.382e+11     1.355e+11     3.804e+11

t = 5.04e+04   no. steps = 428   order = 5   stepsize = 5.86e+02
c1 (bot.left/middle/top rt.) =    4.511e-06     4.158e-06     5.025e-06
c2 (bot.left/middle/top rt.) =    3.358e+11     4.930e+11     3.864e+11

t = 5.76e+04   no. steps = 441   order = 5   stepsize = 3.23e+02
c1 (bot.left/middle/top rt.) =    1.837e-06     1.708e-06     2.045e-06
c2 (bot.left/middle/top rt.) =    3.320e+11     9.650e+11     3.909e+11

t = 6.48e+04   no. steps = 454   order = 5   stepsize = 7.86e+02
c1 (bot.left/middle/top rt.) =    3.059e-06     2.829e-06     3.408e-06
c2 (bot.left/middle/top rt.) =    3.313e+11     8.922e+11     3.963e+11

t = 7.20e+04   no. steps = 464   order = 5   stepsize = 7.86e+02
c1 (bot.left/middle/top rt.) =   -1.370e-07    -1.278e-07    -1.525e-07
c2 (bot.left/middle/top rt.) =    3.330e+11     6.186e+11     4.039e+11

t = 7.92e+04   no. steps = 473   order = 5   stepsize = 7.86e+02
c1 (bot.left/middle/top rt.) =   -7.667e-09    -7.006e-09    -8.542e-09
c2 (bot.left/middle/top rt.) =    3.334e+11     6.669e+11     4.120e+11

t = 8.64e+04   no. steps = 482   order = 5   stepsize = 7.86e+02
c1 (bot.left/middle/top rt.) =    2.640e-09     2.511e-09     2.938e-09
c2 (bot.left/middle/top rt.) =    3.352e+11     9.106e+11     4.162e+11


Final Statistics.. 

lenrw   =  2696     leniw   =    65
lenrwLS =  2454     leniwLS =    42
nst     =   482
nfe     =   621     nfeLS   =   620
nni     =   618     nli     =   620
nsetups =    82     netf    =    29
npe     =     9     nps     =  1183
ncfn    =     0     ncfl    =     0

======================================================================

 --------- 
| SPFGMR |
 ---------
 
2-species diurnal advection-diffusion problem

t = 7.20e+03   no. steps = 192   order = 5   stepsize = 1.34e+02
c1 (bot.left/middle/top rt.) =    1.047e+04     2.964e+04     1.119e+04
c2 (bot.left/middle/top rt.) =    2.527e+11     7.154e+11     2.700e+11

t = 1.44e+04   no. steps = 225   order = 5   stepsize = 3.12e+02
c1 (bot.left/middle/top rt.) =    6.659e+06     5.316e+06     7.301e+06
c2 (bot.left/middle/top rt.) =    2.582e+11     2.057e+11     2.833e+11

t = 2.16e+04   no. steps = 248   order = 5   stepsize = 3.12e+02
c1 (bot.left/middle/top rt.) =    2.665e+07     1.036e+07     2.931e+07
c2 (bot.left/middle/top rt.) =    2.993e+11     1.028e+11     3.313e+11

t = 2.88e+04   no. steps = 293   order = 3   stepsize = 9.18e+01
c1 (bot.left/middle/top rt.) =    8.702e+06     1.292e+07     9.650e+06
c2 (bot.left/middle/top rt.) =    3.380e+11     5.029e+11     3.751e+11

t = 3.60e+04   no. steps = 324   order = 5   stepsize = 1.15e+02
c1 (bot.left/middle/top rt.) =    1.404e+04     2.029e+04     1.561e+04
c2 (bot.left/middle/top rt.) =    3.387e+11     4.895e+11     3.765e+11

t = 4.32e+04   no. steps = 378   order = 5   stepsize = 5.86e+02
c1 (bot.left/middle/top rt.) =    1.180e-09     7.956e-08     1.490e-09
c2 (bot.left/middle/top rt.) =    3.382e+11     1.355e+11     3.804e+11

t = 5.04e+04   no. steps = 391   order = 5   stepsize = 4.27e+02
c1 (bot.left/middle/top rt.) =    6.580e-11     2.809e-08     1.507e-10
c2 (bot.left/middle/top rt.) =    3.358e+11     4.930e+11     3.864e+11

t = 5.76e+04   no. steps = 402   order = 5   stepsize = 4.96e+02
c1 (bot.left/middle/top rt.) =    2.069e-10     1.559e-08     2.264e-10
c2 (bot.left/middle/top rt.) =    3.320e+11     9.650e+11     3.909e+11

t = 6.48e+04   no. steps = 412   order = 5   stepsize = 7.86e+02
c1 (bot.left/middle/top rt.) =    3.735e-11    -1.076e-09    -3.688e-11
c2 (bot.left/middle/top rt.) =    3.313e+11     8.922e+11     3.963e+11

t = 7.20e+04   no. steps = 421   order = 5   stepsize = 7.86e+02
c1 (bot.left/middle/top rt.) =   -1.410e-11    -1.148e-09     9.417e-11
c2 (bot.left/middle/top rt.) =    3.330e+11     6.186e+11     4.039e+11

t = 7.92e+04   no. steps = 430   order = 5   stepsize = 7.86e+02
c1 (bot.left/middle/top rt.) =    1.671e-12    -2.171e-10    -4.471e-12
c2 (bot.left/middle/top rt.) =    3.334e+11     6.669e+11     4.120e+11

t = 8.64e+04   no. steps = 439   order = 5   stepsize = 7.86e+02
c1 (bot.left/middle/top rt.) =    5.687e-13    -9.924e-11    -1.149e-12
c2 (bot.left/middle/top rt.) =    3.352e+11     9.106e+11     4.162e+11


Final Statistics.. 

lenrw   =  2696     leniw   =    65
lenrwLS =  3254     leniwLS =    46
nst     =   439
nfe     =   565     nfeLS   =   858
nni     =   562     nli     =   858
nsetups =    77     netf    =    26
npe     =     8     nps     =   858
ncfn    =     0     ncfl    =     0

======================================================================

 ------- 
| SPBCGS |
 -------
 
2-species diurnal advection-diffusion problem

t = 7.20e+03   no. steps = 190   order = 5   stepsize = 1.58e+02
c1 (bot.left/middle/top rt.) =    1.047e+04     2.964e+04     1.119e+04
c2 (bot.left/middle/top rt.) =    2.527e+11     7.154e+11     2.700e+11

t = 1.44e+04   no. steps = 222   order = 5   stepsize = 3.81e+02
c1 (bot.left/middle/top rt.) =    6.659e+06     5.316e+06     7.301e+06
c2 (bot.left/middle/top rt.) =    2.582e+11     2.057e+11     2.833e+11

t = 2.16e+04   no. steps = 246   order = 5   stepsize = 4.34e+02
c1 (bot.left/middle/top rt.) =    2.665e+07     1.036e+07     2.931e+07
c2 (bot.left/middle/top rt.) =    2.993e+11     1.028e+11     3.313e+11

t = 2.88e+04   no. steps = 282   order = 4   stepsize = 1.71e+02
c1 (bot.left/middle/top rt.) =    8.702e+06     1.292e+07     9.650e+06
c2 (bot.left/middle/top rt.) =    3.380e+11     5.029e+11     3.751e+11

t = 3.60e+04   no. steps = 317   order = 5   stepsize = 9.48e+01
c1 (bot.left/middle/top rt.) =    1.404e+04     2.029e+04     1.561e+04
c2 (bot.left/middle/top rt.) =    3.387e+11     4.894e+11     3.765e+11

t = 4.32e+04   no. steps = 369   order = 4   stepsize = 5.46e+02
c1 (bot.left/middle/top rt.) =   -8.441e-10    -7.929e-10    -8.039e-10
c2 (bot.left/middle/top rt.) =    3.382e+11     1.355e+11     3.804e+11

t = 5.04e+04   no. steps = 385   order = 4   stepsize = 3.20e+02
c1 (bot.left/middle/top rt.) =   -1.364e-14     1.206e-12    -4.341e-14
c2 (bot.left/middle/top rt.) =    3.358e+11     4.930e+11     3.864e+11

t = 5.76e+04   no. steps = 399   order = 5   stepsize = 5.83e+02
c1 (bot.left/middle/top rt.) =    4.461e-14     9.480e-12     1.249e-14
c2 (bot.left/middle/top rt.) =    3.320e+11     9.650e+11     3.909e+11

t = 6.48e+04   no. steps = 411   order = 5   stepsize = 5.83e+02
c1 (bot.left/middle/top rt.) =   -2.942e-14     3.498e-12    -1.097e-13
c2 (bot.left/middle/top rt.) =    3.313e+11     8.922e+11     3.963e+11

t = 7.20e+04   no. steps = 424   order = 5   stepsize = 5.83e+02
c1 (bot.left/middle/top rt.) =    1.513e-16     5.525e-15    -3.327e-17
c2 (bot.left/middle/top rt.) =    3.330e+11     6.186e+11     4.039e+11

t = 7.92e+04   no. steps = 436   order = 5   stepsize = 5.83e+02
c1 (bot.left/middle/top rt.) =    2.149e-24     1.464e-22    -4.443e-25
c2 (bot.left/middle/top rt.) =    3.334e+11     6.669e+11     4.120e+11

t = 8.64e+04   no. steps = 448   order = 5   stepsize = 5.83e+02
c1 (bot.left/middle/top rt.) =   -8.107e-27    -1.304e-22    -1.213e-27
c2 (bot.left/middle/top rt.) =    3.352e+11     9.107e+11     4.163e+11


Final Statistics.. 

lenrw   =  2696     leniw   =    65
lenrwLS =  2202     leniwLS =    41
nst     =   448
nfe     =   570     nfeLS   =   966
nni     =   567     nli     =   483
nsetups =    72     netf    =    25
npe     =     8     nps     =  1456
ncfn    =     0     ncfl    =     0

 --------- 
| SPTFQMR |
 ---------
 
2-species diurnal advection-diffusion problem

t = 7.20e+03   no. steps = 218   order = 5   stepsize = 1.44e+02
c1 (bot.left/middle/top rt.) =    1.047e+04     2.964e+04     1.119e+04
c2 (bot.left/middle/top rt.) =    2.527e+11     7.154e+11     2.700e+11

t = 1.44e+04   no. steps = 250   order = 5   stepsize = 3.27e+02
c1 (bot.left/middle/top rt.) =    6.659e+06     5.316e+06     7.301e+06
c2 (bot.left/middle/top rt.) =    2.582e+11     2.057e+11     2.833e+11

t = 2.16e+04   no. steps = 275   order = 5   stepsize = 3.49e+02
c1 (bot.left/middle/top rt.) =    2.665e+07     1.036e+07     2.931e+07
c2 (bot.left/middle/top rt.) =    2.993e+11     1.028e+11     3.313e+11

t = 2.88e+04   no. steps = 300   order = 5   stepsize = 1.43e+02
c1 (bot.left/middle/top rt.) =    8.702e+06     1.292e+07     9.650e+06
c2 (bot.left/middle/top rt.) =    3.380e+11     5.029e+11     3.751e+11

t = 3.60e+04   no. steps = 342   order = 4   stepsize = 6.68e+01
c1 (bot.left/middle/top rt.) =    1.404e+04     2.029e+04     1.561e+04
c2 (bot.left/middle/top rt.) =    3.387e+11     4.894e+11     3.765e+11

t = 4.32e+04   no. steps = 398   order = 4   stepsize = 4.62e+02
c1 (bot.left/middle/top rt.) =    5.803e-08     4.587e-05     1.575e-07
c2 (bot.left/middle/top rt.) =    3.382e+11     1.355e+11     3.804e+11

t = 5.04e+04   no. steps = 416   order = 4   stepsize = 3.15e+02
c1 (bot.left/middle/top rt.) =    1.872e-08    -4.141e-06     6.565e-08
c2 (bot.left/middle/top rt.) =    3.358e+11     4.930e+11     3.864e+11

t = 5.76e+04   no. steps = 432   order = 5   stepsize = 5.42e+02
c1 (bot.left/middle/top rt.) =   -4.260e-10     9.885e-08    -1.512e-09
c2 (bot.left/middle/top rt.) =    3.320e+11     9.650e+11     3.909e+11

t = 6.48e+04   no. steps = 444   order = 5   stepsize = 8.15e+02
c1 (bot.left/middle/top rt.) =   -4.413e-10     9.921e-08    -1.555e-09
c2 (bot.left/middle/top rt.) =    3.313e+11     8.922e+11     3.963e+11

t = 7.20e+04   no. steps = 453   order = 5   stepsize = 8.15e+02
c1 (bot.left/middle/top rt.) =   -5.805e-14     1.249e-11    -2.024e-13
c2 (bot.left/middle/top rt.) =    3.330e+11     6.186e+11     4.039e+11

t = 7.92e+04   no. steps = 462   order = 5   stepsize = 8.15e+02
c1 (bot.left/middle/top rt.) =    2.682e-18    -1.853e-15     9.049e-18
c2 (bot.left/middle/top rt.) =    3.334e+11     6.669e+11     4.120e+11

t = 8.64e+04   no. steps = 471   order = 5   stepsize = 8.15e+02
c1 (bot.left/middle/top rt.) =   -6.005e-23     2.029e-21    -2.123e-22
c2 (bot.left/middle/top rt.) =    3.352e+11     9.107e+11     4.163e+11


Final Statistics.. 

lenrw   =  2696     leniw   =    65
lenrwLS =  2602     leniwLS =    43
nst     =   471
nfe     =   597     nfeLS   =  1304
nni     =   594     nli     =   538
nsetups =    72     netf    =    24
npe     =     9     nps     =  1988
ncfn    =     0     ncfl    =     0

