In[1]:= set system.g_constant = 0
In[2]:= new sphere { mass = 1, radius = 0.25, position = [-2, 0.5, 0], velocity = [4, 0, 0] }
Out[2]= obj0
In[3]:= new cuboid { mass = 2, position = [0, 0, 0], half_extents = [0.5, 1, 1] }
Out[3]= obj1
In[4]:= get obj1.angular_momentum
Out[4]= [0, 0, 0]
In[5]:= step 1
Out[5]= t = 1 (advanced by 1, 85 solver steps, 1 collision(s) — CONTACTS lists them)
In[6]:= contacts
Out[6]= contact0: obj0 <-> obj1 at t = 0.3125
  point  = [-0.5, 0.5, 0]
  normal = [1, 0, 0]  (from obj0 toward obj1)
  depth = 0, approach speed = 4, impulse = 4.444444444444445
In[7]:= get contact0.point
Out[7]= [-0.5, 0.5, 0]
In[8]:= get contact0.impulse
Out[8]= 4.444444444444445
In[9]:= get obj1.angular_momentum
Out[9]= [0, 0, -2.2222222222222223]
In[10]:= get obj1.angular_velocity
Out[10]= [0, 0, -2.666666666666667]
In[11]:= angmom
Out[11]= [0, 0, -2]
