In[1]:= set system.g_constant = 0
In[2]:= def create_dumbell(name, m1 = 1, m2 = 1, m_rod = 0.5, r1 = 0.25, r2 = 0.25, rod_radius = 0.1, length = 1, position = [0, 0, 0], velocity = [0, 0, 0], angular_velocity = [0, 0, 0]) {
  new dumbbell as name { m1 = m1, m2 = m2, m_rod = m_rod, r1 = r1, r2 = r2, rod_radius = rod_radius, length = length, position = position, velocity = velocity, angular_velocity = angular_velocity }
}
Out[2]= function create_dumbell(11 parameter(s)) defined — 1 body line(s)
In[3]:= create_dumbell("dumbell0", 1, 2, 0.5, 0.25, 0.25, 0.1, 1, [-2, 0.15, 0], [1.5, 0, 0], [0, 0, 0.6])
Out[3]= obj0 as dumbell0
In[4]:= create_dumbell("dumbell1", 2, 1, 0.4, 0.3, 0.2, 0.08, 1.2, [2, -0.15, 0], [-1.5, 0, 0], [0.4, 0, 0])
Out[4]= obj1 as dumbell1
In[5]:= list
Out[5]= obj0: dumbbell r1=0.25 r2=0.25 rod_r=0.1 len=1, mass=3.5, charge=0, pos=[-2, 0.15, 0]
obj1: dumbbell r1=0.3 r2=0.2 rod_r=0.08 len=1.2, mass=3.4, charge=0, pos=[2, -0.15, 0]
In[6]:= get dumbell0.m1
Out[6]= 1
In[7]:= get dumbell1.m_rod
Out[7]= 0.3999999999999999
In[8]:= get dumbell0.vx
Out[8]= 1.5
In[9]:= energy
Out[9]= 7.865310611764706
In[10]:= momentum
Out[10]= [0.15000000000000036, 0, 0]
In[11]:= angmom
Out[11]= [0.4443030588235295, 0, -1.5059999999999998]
In[12]:= run 3 steps 60
Out[12]= t = 3 (3861 solver steps, 60 snapshots, |dE/E| = 9.463e-11, 2 collision(s) — CONTACTS lists them)
In[13]:= energy
Out[13]= 7.865310611020375
In[14]:= momentum
Out[14]= [0.15000000000000036, 0, 0]
In[15]:= angmom
Out[15]= [0.44430305882373156, -0.000000000000009547918011776346, -1.505999999999855]
In[16]:= get system.collisions
Out[16]= 2
