In[1]:= set system.g_constant = 0
In[2]:= new cuboid { mass = 1, position = [-3, 0, 0], half_extents = [0.2, 2, 2] }
Out[2]= obj0
In[3]:= set obj0.inverse_mass = 0
In[4]:= set obj0.inverse_inertia_tensor = [[0,0,0],[0,0,0],[0,0,0]]
In[5]:= new cuboid { mass = 1, position = [3, 0, 0], half_extents = [0.2, 2, 2] }
Out[5]= obj1
In[6]:= set obj1.inverse_mass = 0
In[7]:= set obj1.inverse_inertia_tensor = [[0,0,0],[0,0,0],[0,0,0]]
In[8]:= new sphere { mass = 1, radius = 0.3, position = [0, 0, 0], velocity = [1.7, 0, 0] }
Out[8]= obj2
In[9]:= energy
Out[9]= 1.4449999999999998
In[10]:= run 20 steps 10
Out[10]= t = 20 (356 solver steps, 10 snapshots, |dE/E| = 0.000e0, 7 collision(s) — CONTACTS lists them)
In[11]:= get system.collisions
Out[11]= 7
In[12]:= energy
Out[12]= 1.4449999999999998
In[13]:= get obj2.velocity.x
Out[13]= -1.7
