In[1]:= set system.rtol = 1e-13
In[2]:= set system.atol = 1e-15
In[3]:= set system.softening = 0
In[4]:= set system.g_constant = 1e-9
In[5]:= new point { mass = 1e9, position = [0, 0, 0] }
Out[5]= obj0
In[6]:= new point { mass = 1, position = [0.4, 0, 0], velocity = [0, 2, 0] }
Out[6]= obj1
In[7]:= norm(obj1.velocity)
Out[7]= 2
In[8]:= norm(obj1.velocity - [0, 0.75, 0])
Out[8]= 1.25
In[9]:= run pi / 2 steps 2
Out[9]= t = 1.5707963267948966 (275 solver steps, 2 snapshots, |dE/E| = 1.695e-12)
In[10]:= norm(obj1.velocity)
Out[10]= 0.7350856930816005
In[11]:= norm(obj1.velocity - [0, 0.75, 0])
Out[11]= 1.2500000000008071
In[12]:= run pi / 2 steps 2
Out[12]= t = 3.141592653589793 (78 solver steps, 2 snapshots, |dE/E| = 2.809e-13)
In[13]:= norm(obj1.velocity)
Out[13]= 0.499999999999809
In[14]:= norm(obj1.velocity - [0, 0.75, 0])
Out[14]= 1.249999999999809
In[15]:= run pi steps 2
Out[15]= t = 6.283185307179586 (340 solver steps, 2 snapshots, |dE/E| = 1.286e-11)
In[16]:= norm(obj1.velocity)
Out[16]= 2.000000000062431
In[17]:= norm(obj1.velocity - [0, 0.75, 0])
Out[17]= 1.2500000000624412
In[18]:= reset
Out[18]= system reset
In[19]:= set system.rtol = 1e-13
In[20]:= set system.atol = 1e-15
In[21]:= set system.softening = 0
In[22]:= set system.g_constant = 1e-9
In[23]:= new point { mass = 1e9, position = [0, 0, 0] }
Out[23]= obj0
In[24]:= new point { mass = 1, position = [0.4, 0, 0], velocity = [0, 2, 0] }
Out[24]= obj1
In[25]:= energy
Out[25]= -0.5
In[26]:= laplace 1
Out[26]= [0.5999999974000001, 0, 0]
In[27]:= scene create
Out[27]= scene window created: http://127.0.0.1:50321/
(no browser was launched — open that address yourself)
showing 2 entities; SCENE START begins the evolution — HELP lists all scene commands
In[28]:= scene zoom in
Out[28]= camera distance = 9.6
In[29]:= scene set_time_step 0.01
Out[29]= scene time step dt = 0.01
