In[1]:= new point as sun { mass = 1.00000597682 }
Out[1]= obj0 as sun
In[2]:= new point as jupiter { mass = 9.54786104043e-4, position = [-3.5023653, -3.8169847, -1.5507963], velocity = [0.00565429, -0.00412490, -0.00190589] }
Out[2]= obj1 as jupiter
In[3]:= new point as saturn { mass = 2.85583733151e-4, position = [9.0755314, -3.0458353, -1.6483708], velocity = [0.00168318, 0.00483525, 0.00192462] }
Out[3]= obj2 as saturn
In[4]:= new point as uranus { mass = 4.37273164546e-5, position = [8.3101420, -16.2901086, -7.2521278], velocity = [0.00354178, 0.00137102, 0.00055029] }
Out[4]= obj3 as uranus
In[5]:= new point as neptune { mass = 5.17759138449e-5, position = [11.4707666, -25.7294829, -10.8169456], velocity = [0.00288930, 0.00114527, 0.00039677] }
Out[5]= obj4 as neptune
In[6]:= new point as pluto { mass = 1 / 1.3e8, position = [-15.5387357, -25.2225594, -3.1902382], velocity = [0.00276725, -0.00170702, -0.00136504] }
Out[6]= obj5 as pluto
In[7]:= set system.g_constant = 2.95912208286e-4
In[8]:= set system.softening = 0
In[9]:= set system.rtol = 1e-10
In[10]:= set system.atol = 1e-12
In[11]:= energy
Out[11]= -0.000000032154531832081636
In[12]:= momentum
Out[12]= [0.000006183816317477499, -0.000002438293159516941, -0.0000012254817893370849]
In[13]:= com
Out[13]= [0.0002047098298789105, -0.006550139855052495, -0.002824833990245127]
In[14]:= scene create
Out[14]= scene window created: http://127.0.0.1:50310/
(no browser was launched — open that address yourself)
showing 6 entities; SCENE START begins the evolution — HELP lists all scene commands
In[15]:= scene set_time_step 50
Out[15]= scene time step dt = 50
