In[1]:= set system.g_constant = 0
In[2]:= set system.rtol = 1e-13
In[3]:= set system.atol = 1e-15
In[4]:= collide on
Out[4]= collisions ON (0 collidable pair(s); 0 impulse(s) so far)
In[5]:= new sphere { mass = 1, radius = 0.4, position = [0, 0, 0], velocity = [1, 0, 0], restitution = 1 }
Out[5]= obj0
In[6]:= new sphere { mass = 2, radius = 0.4, position = [2, 0, 0], restitution = 1 }
Out[6]= obj1
In[7]:= new sphere { mass = 4, radius = 0.4, position = [4, 0, 0], restitution = 1 }
Out[7]= obj2
In[8]:= new sphere { mass = 8, radius = 0.4, position = [6, 0, 0], restitution = 1 }
Out[8]= obj3
In[9]:= momentum
Out[9]= [1, 0, 0]
In[10]:= energy
Out[10]= 0.5
In[11]:= run 8 steps 8
Out[11]= t = 8 (48 solver steps, 8 snapshots, |dE/E| = 1.110e-16, 3 collision(s) — CONTACTS lists them)
In[12]:= obj0.vx
Out[12]= -0.33333333333333326
In[13]:= obj1.vx
Out[13]= -0.2222222222222222
In[14]:= obj2.vx
Out[14]= -0.14814814814814814
In[15]:= obj3.vx
Out[15]= 0.2962962962962963
In[16]:= obj3.vx / 0.2962962962962963
Out[16]= 1
In[17]:= system.collisions
Out[17]= 3
In[18]:= momentum
Out[18]= [1, 0, 0]
In[19]:= energy
Out[19]= 0.49999999999999994
In[20]:= reset
Out[20]= system reset
In[21]:= set system.g_constant = 0
In[22]:= set system.rtol = 1e-13
In[23]:= set system.atol = 1e-15
In[24]:= collide on
Out[24]= collisions ON (0 collidable pair(s); 0 impulse(s) so far)
In[25]:= new sphere { mass = 1, radius = 0.4, position = [0, 0, 0], velocity = [1, 0, 0], restitution = 1 }
Out[25]= obj0
In[26]:= new sphere { mass = 2, radius = 0.4, position = [2, 0, 0], restitution = 1 }
Out[26]= obj1
In[27]:= new sphere { mass = 4, radius = 0.4, position = [4, 0, 0], restitution = 1 }
Out[27]= obj2
In[28]:= new sphere { mass = 8, radius = 0.4, position = [6, 0, 0], restitution = 1 }
Out[28]= obj3
In[29]:= scene create
Out[29]= scene window created: http://127.0.0.1:50320/
(no browser was launched — open that address yourself)
showing 4 entities; SCENE START begins the evolution — HELP lists all scene commands
In[30]:= scene set_time_step 0.02
Out[30]= scene time step dt = 0.02
