In[1]:= set system.g_constant = 0
In[2]:= set system.rtol = 1e-12
In[3]:= set system.atol = 1e-14
In[4]:= new cuboid { mass = 3, half_extents = [0.5, 1, 2], position = [-6, 0, 0], angular_velocity = [0.3, 3, 0.1] }
Out[4]= obj0
In[5]:= new cuboid { mass = 3, half_extents = [0.5, 1, 2], position = [ 0, 0, 0], angular_velocity = [0.01, 3, 0.01] }
Out[5]= obj1
In[6]:= new cuboid { mass = 3, half_extents = [0.5, 1, 2], position = [ 6, 0, 0], angular_velocity = [0.01, 3, 0.3] }
Out[6]= obj2
In[7]:= get obj0.inertia_tensor
Out[7]= [[5, 0, 0], [0, 4.25, 0], [0, 0, 1.25]]
In[8]:= run 2 steps 2
Out[8]= t = 2 (665 solver steps, 2 snapshots, |dE/E| = 2.071e-12)
In[9]:= [obj0.orientation.w, 0 - obj0.orientation.x, 0 - obj0.orientation.y, 0 - obj0.orientation.z] * [0, obj0.angular_velocity.x, obj0.angular_velocity.y, obj0.angular_velocity.z] * obj0.orientation
Out[9]= quat[w=0, x=2.303364038486124, y=-1.1533290091133521, z=2.2859321717035055]
In[10]:= [obj1.orientation.w, 0 - obj1.orientation.x, 0 - obj1.orientation.y, 0 - obj1.orientation.z] * [0, obj1.angular_velocity.x, obj1.angular_velocity.y, obj1.angular_velocity.z] * obj1.orientation
Out[10]= quat[w=0.000000000000000013877787807814457, x=0.3640028500667075, y=2.967372061056743, z=0.3640028500671222]
In[11]:= [obj2.orientation.w, 0 - obj2.orientation.x, 0 - obj2.orientation.y, 0 - obj2.orientation.z] * [0, obj2.angular_velocity.x, obj2.angular_velocity.y, obj2.angular_velocity.z] * obj2.orientation
Out[11]= quat[w=-0.0000000000000002220446049250313, x=2.4474157932758973, y=-0.4376675054632405, z=2.4657137029807985]
In[12]:= run 2 steps 2
Out[12]= t = 4 (662 solver steps, 2 snapshots, |dE/E| = 5.551e-13)
In[13]:= [obj0.orientation.w, 0 - obj0.orientation.x, 0 - obj0.orientation.y, 0 - obj0.orientation.z] * [0, obj0.angular_velocity.x, obj0.angular_velocity.y, obj0.angular_velocity.z] * obj0.orientation
Out[13]= quat[w=0, x=0.31294699794088476, y=-2.9980543142697216, z=-0.13392469271241392]
In[14]:= [obj1.orientation.w, 0 - obj1.orientation.x, 0 - obj1.orientation.y, 0 - obj1.orientation.z] * [0, obj1.angular_velocity.x, obj1.angular_velocity.y, obj1.angular_velocity.z] * obj1.orientation
Out[14]= quat[w=0, x=1.6081502209578773, y=-2.2796906610434515, z=1.608150220957849]
In[15]:= [obj2.orientation.w, 0 - obj2.orientation.x, 0 - obj2.orientation.y, 0 - obj2.orientation.z] * [0, obj2.angular_velocity.x, obj2.angular_velocity.y, obj2.angular_velocity.z] * obj2.orientation
Out[15]= quat[w=0, x=-0.07832156142122311, y=-2.9985206482493507, z=0.3098939606419717]
In[16]:= run 2 steps 2
Out[16]= t = 6 (661 solver steps, 2 snapshots, |dE/E| = 2.554e-12)
In[17]:= [obj0.orientation.w, 0 - obj0.orientation.x, 0 - obj0.orientation.y, 0 - obj0.orientation.z] * [0, obj0.angular_velocity.x, obj0.angular_velocity.y, obj0.angular_velocity.z] * obj0.orientation
Out[17]= quat[w=-0.00000000000000008326672684688674, x=2.1968145693000136, y=1.4266403088319433, z=-2.178530296212315]
In[18]:= [obj1.orientation.w, 0 - obj1.orientation.x, 0 - obj1.orientation.y, 0 - obj1.orientation.z] * [0, obj1.angular_velocity.x, obj1.angular_velocity.y, obj1.angular_velocity.z] * obj1.orientation
Out[18]= quat[w=0.0000000000000002220446049250313, x=0.0499291047608078, y=-2.999413443761123, z=0.049929104696094725]
In[19]:= [obj2.orientation.w, 0 - obj2.orientation.x, 0 - obj2.orientation.y, 0 - obj2.orientation.z] * [0, obj2.angular_velocity.x, obj2.angular_velocity.y, obj2.angular_velocity.z] * obj2.orientation
Out[19]= quat[w=0.000000000000000020816681711721685, x=-2.3106241702393517, y=1.0717741914853471, z=2.329996578494813]
In[20]:= run 2 steps 2
Out[20]= t = 8 (661 solver steps, 2 snapshots, |dE/E| = 7.676e-13)
In[21]:= [obj0.orientation.w, 0 - obj0.orientation.x, 0 - obj0.orientation.y, 0 - obj0.orientation.z] * [0, obj0.angular_velocity.x, obj0.angular_velocity.y, obj0.angular_velocity.z] * obj0.orientation
Out[21]= quat[w=0.000000000000000027592945289756088, x=0.32972603220047597, y=2.995408433241188, z=0.1694675658951541]
In[22]:= [obj1.orientation.w, 0 - obj1.orientation.x, 0 - obj1.orientation.y, 0 - obj1.orientation.z] * [0, obj1.angular_velocity.x, obj1.angular_velocity.y, obj1.angular_velocity.z] * obj1.orientation
Out[22]= quat[w=0, x=0.0013643489116444514, y=-3.0000240534703426, z=0.0013643465316144259]
In[23]:= [obj2.orientation.w, 0 - obj2.orientation.x, 0 - obj2.orientation.y, 0 - obj2.orientation.z] * [0, obj2.angular_velocity.x, obj2.angular_velocity.y, obj2.angular_velocity.z] * obj2.orientation
Out[23]= quat[w=-0.00000000000000008977193988179977, x=0.15055597175359575, y=2.9944637395263567, z=0.3355102089058171]
In[24]:= run 2 steps 2
Out[24]= t = 10 (660 solver steps, 2 snapshots, |dE/E| = 2.654e-12)
In[25]:= [obj0.orientation.w, 0 - obj0.orientation.x, 0 - obj0.orientation.y, 0 - obj0.orientation.z] * [0, obj0.angular_velocity.x, obj0.angular_velocity.y, obj0.angular_velocity.z] * obj0.orientation
Out[25]= quat[w=0, x=2.075437008161927, y=-1.672687703872596, z=2.0560736305524374]
In[26]:= [obj1.orientation.w, 0 - obj1.orientation.x, 0 - obj1.orientation.y, 0 - obj1.orientation.z] * [0, obj1.angular_velocity.x, obj1.angular_velocity.y, obj1.angular_velocity.z] * obj1.orientation
Out[26]= quat[w=0.0000000000000002220446049250313, x=0.000037321518719068015, y=-3.000024509362499, z=0.00003723441103608942]
In[27]:= [obj2.orientation.w, 0 - obj2.orientation.x, 0 - obj2.orientation.y, 0 - obj2.orientation.z] * [0, obj2.angular_velocity.x, obj2.angular_velocity.y, obj2.angular_velocity.z] * obj2.orientation
Out[27]= quat[w=-0.00000000000000011102230246251565, x=2.085898473982859, y=-1.6129656446993819, z=2.107337762021382]
In[28]:= reset
Out[28]= system reset
In[29]:= set system.g_constant = 0
In[30]:= set system.rtol = 1e-12
In[31]:= set system.atol = 1e-14
In[32]:= new cuboid { mass = 3, half_extents = [0.5, 1, 2], position = [-6, 0, 0], angular_velocity = [0.3, 3, 0.1] }
Out[32]= obj0
In[33]:= new cuboid { mass = 3, half_extents = [0.5, 1, 2], position = [ 0, 0, 0], angular_velocity = [0.01, 3, 0.01] }
Out[33]= obj1
In[34]:= new cuboid { mass = 3, half_extents = [0.5, 1, 2], position = [ 6, 0, 0], angular_velocity = [0.01, 3, 0.3] }
Out[34]= obj2
In[35]:= scene create
Out[35]= scene window created: http://127.0.0.1:50339/
(no browser was launched — open that address yourself)
showing 3 entities; SCENE START begins the evolution — HELP lists all scene commands
In[36]:= scene set_time_step 0.03
Out[36]= scene time step dt = 0.03
