In[1]:= set system.g_constant = 0
In[2]:= new sphere { mass = 1, radius = 0.5, position = [-3, 0, 0], velocity = [1, 0, 0] }
Out[2]= obj0
In[3]:= new sphere { mass = 1, radius = 0.5, position = [0, 0, 0] }
Out[3]= obj1
In[4]:= new sphere { mass = 1, radius = 0.5, position = [1, 0, 0] }
Out[4]= obj2
In[5]:= new sphere { mass = 1, radius = 0.5, position = [2, 0, 0] }
Out[5]= obj3
In[6]:= new sphere { mass = 1, radius = 0.5, position = [3, 0, 0] }
Out[6]= obj4
In[7]:= energy
Out[7]= 0.5
In[8]:= momentum
Out[8]= [1, 0, 0]
In[9]:= get obj0.velocity.x
Out[9]= 1
In[10]:= get obj4.velocity.x
Out[10]= 0
In[11]:= scene create
Out[11]= scene window created: http://127.0.0.1:50309/
(no browser was launched — open that address yourself)
showing 5 entities; SCENE START begins the evolution — HELP lists all scene commands
