In[1]:= bessel_j(0, 2.404825557695773)
Out[1]= 0
In[2]:= bessel_j_nu(1, 3) * bessel_y_nu(0, 3) - bessel_j_nu(0, 3) * bessel_y_nu(1, 3)
Out[2]= 0.21220659078919374 + 0i
In[3]:= 2 / (pi * 3)
Out[3]= 0.2122065907891938
In[4]:= legendre_p(5, 1)
Out[4]= 1
In[5]:= legendre_p(5, 0.906179845938664)
Out[5]= -0.00000000000000017763568394002506
In[6]:= gamma_z(0.5) * gamma_z(0.5)
Out[6]= 3.1415926535898397 + 0i
In[7]:= pi
Out[7]= 3.141592653589793
In[8]:= sph_harm_real(1, 0, 0, 0)
Out[8]= 0.48860251190291987
In[9]:= sqrt(3 / (4 * pi))
Out[9]= 0.4886025119029199
In[10]:= clebsch_gordan(0.5, 0.5, 0.5, -0.5, 1, 0)
Out[10]= 0.7071067811865475
In[11]:= sqrt(0.5)
Out[11]= 0.7071067811865476
In[12]:= gauss_legendre(4)
Out[12]= [[-0.8611363115940526, -0.3399810435848563, 0.3399810435848563, 0.8611363115940526], [0.34785484513745374, 0.6521451548625461, 0.6521451548625461, 0.34785484513745374]]
