In[1]:= set system.g_constant = 0
In[2]:= set system.uniform_gravity = [0, -9.81, 0]
In[3]:= collide off
Out[3]= collisions OFF (0 collidable pair(s); 0 impulse(s) so far)
In[4]:= new sphere as pivot { mass = 1, radius = 0.02, position = [0, 0, 0], inverse_mass = 0 }
Out[4]= obj0 as pivot
In[5]:= new sphere as bob { mass = 1, radius = 0.05, position = [0.019998666693333084, -0.9998000066665778, 0] }
Out[5]= obj1 as bob
In[6]:= constrain pivot bob
Out[6]= constraint0: rod obj0 <-> obj1, 1 row(s) (METHOD IDA is required to integrate it)
In[7]:= constraints
Out[7]= constraint0: rod obj0 <-> obj1, 1 row(s)
worst |g| = 0e0, worst |g_dot| = 0e0
In[8]:= method ida
Out[8]= method = IDA (constrained DAE, GGL index-2)
In[9]:= run 2.0060666807106475 steps 200
Out[9]= t = 2.0060666807106475 (384 solver steps, 200 snapshots, |dE/E| = 6.942e-13)
In[10]:= get bob.position
Out[10]= [0.019998666412318816, -0.999800006672206, 0]
In[11]:= constraints
Out[11]= constraint0: rod obj0 <-> obj1, 1 row(s)
worst |g| = 7.105427357601002e-15, worst |g_dot| = 2.892412673190032e-14
